TLC2 Version 2.19 of 08 August 2024 (rev: 5a47802)
Running breadth-first search Model-Checking with fp 0 and seed 1 with 1 worker on 10 cores with 455MB heap and 64MB offheap memory [pid: 38553] (Mac OS X 15.7.7 aarch64, Homebrew 17.0.19 x86_64, MSBDiskFPSet, DiskStateQueue).
Parsing file /private/var/folders/k2/5vgjtrv95lx1xk20mk1qx3pc0000gp/T/onepage-session-tlc-lmeyive4/SessionContinuation.tla
Parsing file /private/var/folders/k2/5vgjtrv95lx1xk20mk1qx3pc0000gp/T/Naturals.tla
Parsing file /private/var/folders/k2/5vgjtrv95lx1xk20mk1qx3pc0000gp/T/FiniteSets.tla
Parsing file /private/var/folders/k2/5vgjtrv95lx1xk20mk1qx3pc0000gp/T/TLC.tla
Parsing file /private/var/folders/k2/5vgjtrv95lx1xk20mk1qx3pc0000gp/T/Sequences.tla
Semantic processing of module Naturals
Semantic processing of module Sequences
Semantic processing of module FiniteSets
Semantic processing of module TLC
Semantic processing of module SessionContinuation
Starting... (2026-09-10 17:04:03)
Computing initial states...
Finished computing initial states: 1 distinct state generated at 2026-09-10 17:04:04.
Error: Invariant NoInputLoss is violated.
Error: The behavior up to this point is:
State 1: <Initial predicate>
/\ idleContinuation = FALSE
/\ active = 1
/\ continuation = FALSE
/\ outcome = <<"open", "open">>
/\ excluded = {}
/\ failedPending = {}
/\ pending = {}
/\ failedOnce = FALSE
/\ waitTarget = 0
/\ waitResult = 0
/\ crashes = 0
/\ up = TRUE
/\ run = "live"
/\ idleStopped = FALSE
/\ stopTarget = 0
/\ projected = {1}
/\ admitted = {1}

State 2: <SubmitSecond line 30, col 5 to line 34, col 56 of module SessionContinuation>
/\ idleContinuation = FALSE
/\ active = 1
/\ continuation = FALSE
/\ outcome = <<"open", "open">>
/\ excluded = {}
/\ failedPending = {}
/\ pending = {2}
/\ failedOnce = FALSE
/\ waitTarget = 0
/\ waitResult = 0
/\ crashes = 0
/\ up = TRUE
/\ run = "live"
/\ idleStopped = FALSE
/\ stopTarget = 0
/\ projected = {1}
/\ admitted = {1, 2}

State 3: <Fail line 47, col 5 to line 55, col 99 of module SessionContinuation>
/\ idleContinuation = FALSE
/\ active = 0
/\ continuation = FALSE
/\ outcome = <<"failed", "open">>
/\ excluded = {}
/\ failedPending = {2}
/\ pending = {}
/\ failedOnce = TRUE
/\ waitTarget = 0
/\ waitResult = 0
/\ crashes = 0
/\ up = TRUE
/\ run = "live"
/\ idleStopped = FALSE
/\ stopTarget = 0
/\ projected = {1}
/\ admitted = {1, 2}

9 states generated, 9 distinct states found, 6 states left on queue.
The depth of the complete state graph search is 3.
The average outdegree of the complete state graph is 6 (minimum is 6, the maximum 6 and the 95th percentile is 6).
Finished in 00s at (2026-09-10 17:04:04)
